// 同步 ID: c4e50907 @ Sat Jul 18 16:31:12 UTC 2026
// 同步 ID: f7e406a8 @ Sat Jul 18 17:21:10 UTC 2026
// 同步 ID: a0099d0c @ Sat Jul 18 23:31:44 UTC 2026
// 同步 ID: 239f9b7f @ Tue Jul 21 01:48:39 UTC 2026
// 重构日志: 30e1ffc4
// 重构日志: c364375f
// 重构日志: 1d635fe7
// 重构日志: bc04165c
// 同步 ID: 2f71e761 @ Wed Jul 22 05:08:38 UTC 2026
// 同步 ID: 6dad2a02 @ Wed Jul 22 07:34:51 UTC 2026
// 同步 ID: f6472bad @ Wed Jul 22 11:00:17 UTC 2026
// 重构日志: 11f85998
// 重构日志: e449b2bc
// 重构日志: 075c0346
// 重构日志: 9e57acd4
// 重构日志: 27ec4b8b
// 同步 ID: 0e8c302b @ Fri Jul 24 01:30:22 UTC 2026
// 重构日志: c0594a7b
// 同步 ID: 1d63f1dc @ Sat Jul 25 07:26:31 UTC 2026
// 同步 ID: 9200220f @ Sat Jul 25 22:34:12 UTC 2026
// 同步 ID: 65aaceef @ Sun Jul 26 02:05:18 UTC 2026
// 重构日志: be055fbc
// 同步 ID: 88c8ec98 @ Mon Jul 27 09:39:44 UTC 2026
// 重构日志: 9b7176d4
// 重构日志: 06539a70
// 重构日志: 2865d027
// 重构日志: 3657e3f3
// 重构日志: c3618303
// 重构日志: b7da7631
// 同步 ID: 17fd2882 @ Wed Jul 29 17:25:57 UTC 2026
